###############################################################################
#
# IAR ELF Linker V9.30.1.335/W64 for ARM                  19/Jul/2025  14:47:36
# Copyright 2007-2022 IAR Systems AB.
#
#    Output file  =
#        E:\STProject\Elder_Ant_PID\EWARM\HUAWEI_PWM\Exe\HUAWEI_PWM.out
#    Map file     =
#        E:\STProject\Elder_Ant_PID\EWARM\HUAWEI_PWM\List\HUAWEI_PWM.map
#    Command line =
#        -f E:\STProject\Elder_Ant_PID\EWARM\HUAWEI_PWM\Exe\HUAWEI_PWM.out.rsp
#        (E:\STProject\Elder_Ant_PID\EWARM\HUAWEI_PWM\Obj\Drivers\bsp\AS5600.o
#        E:\STProject\Elder_Ant_PID\EWARM\HUAWEI_PWM\Obj\Drivers\bsp\Delay.o
#        E:\STProject\Elder_Ant_PID\EWARM\HUAWEI_PWM\Obj\Application\User\Core\gpio.o
#        E:\STProject\Elder_Ant_PID\EWARM\HUAWEI_PWM\Obj\Application\User\Core\i2c.o
#        E:\STProject\Elder_Ant_PID\EWARM\HUAWEI_PWM\Obj\Drivers\bsp\i2c.o
#        E:\STProject\Elder_Ant_PID\EWARM\HUAWEI_PWM\Obj\Application\User\Core\main.o
#        E:\STProject\Elder_Ant_PID\EWARM\HUAWEI_PWM\Obj\Application\EWARM\startup_stm32g070xx.o
#        E:\STProject\Elder_Ant_PID\EWARM\HUAWEI_PWM\Obj\Drivers\STM32G0xx_HAL_Driver\stm32g0xx_hal.o
#        E:\STProject\Elder_Ant_PID\EWARM\HUAWEI_PWM\Obj\Drivers\STM32G0xx_HAL_Driver\stm32g0xx_hal_cortex.o
#        E:\STProject\Elder_Ant_PID\EWARM\HUAWEI_PWM\Obj\Drivers\STM32G0xx_HAL_Driver\stm32g0xx_hal_dma.o
#        E:\STProject\Elder_Ant_PID\EWARM\HUAWEI_PWM\Obj\Drivers\STM32G0xx_HAL_Driver\stm32g0xx_hal_dma_ex.o
#        E:\STProject\Elder_Ant_PID\EWARM\HUAWEI_PWM\Obj\Drivers\STM32G0xx_HAL_Driver\stm32g0xx_hal_exti.o
#        E:\STProject\Elder_Ant_PID\EWARM\HUAWEI_PWM\Obj\Drivers\STM32G0xx_HAL_Driver\stm32g0xx_hal_flash.o
#        E:\STProject\Elder_Ant_PID\EWARM\HUAWEI_PWM\Obj\Drivers\STM32G0xx_HAL_Driver\stm32g0xx_hal_flash_ex.o
#        E:\STProject\Elder_Ant_PID\EWARM\HUAWEI_PWM\Obj\Drivers\STM32G0xx_HAL_Driver\stm32g0xx_hal_gpio.o
#        E:\STProject\Elder_Ant_PID\EWARM\HUAWEI_PWM\Obj\Drivers\STM32G0xx_HAL_Driver\stm32g0xx_hal_i2c.o
#        E:\STProject\Elder_Ant_PID\EWARM\HUAWEI_PWM\Obj\Drivers\STM32G0xx_HAL_Driver\stm32g0xx_hal_i2c_ex.o
#        E:\STProject\Elder_Ant_PID\EWARM\HUAWEI_PWM\Obj\Application\User\Core\stm32g0xx_hal_msp.o
#        E:\STProject\Elder_Ant_PID\EWARM\HUAWEI_PWM\Obj\Drivers\STM32G0xx_HAL_Driver\stm32g0xx_hal_pwr.o
#        E:\STProject\Elder_Ant_PID\EWARM\HUAWEI_PWM\Obj\Drivers\STM32G0xx_HAL_Driver\stm32g0xx_hal_pwr_ex.o
#        E:\STProject\Elder_Ant_PID\EWARM\HUAWEI_PWM\Obj\Drivers\STM32G0xx_HAL_Driver\stm32g0xx_hal_rcc.o
#        E:\STProject\Elder_Ant_PID\EWARM\HUAWEI_PWM\Obj\Drivers\STM32G0xx_HAL_Driver\stm32g0xx_hal_rcc_ex.o
#        E:\STProject\Elder_Ant_PID\EWARM\HUAWEI_PWM\Obj\Drivers\STM32G0xx_HAL_Driver\stm32g0xx_hal_tim.o
#        E:\STProject\Elder_Ant_PID\EWARM\HUAWEI_PWM\Obj\Drivers\STM32G0xx_HAL_Driver\stm32g0xx_hal_tim_ex.o
#        E:\STProject\Elder_Ant_PID\EWARM\HUAWEI_PWM\Obj\Drivers\STM32G0xx_HAL_Driver\stm32g0xx_hal_uart.o
#        E:\STProject\Elder_Ant_PID\EWARM\HUAWEI_PWM\Obj\Drivers\STM32G0xx_HAL_Driver\stm32g0xx_hal_uart_ex.o
#        E:\STProject\Elder_Ant_PID\EWARM\HUAWEI_PWM\Obj\Application\User\Core\stm32g0xx_it.o
#        E:\STProject\Elder_Ant_PID\EWARM\HUAWEI_PWM\Obj\Drivers\STM32G0xx_HAL_Driver\stm32g0xx_ll_rcc.o
#        E:\STProject\Elder_Ant_PID\EWARM\HUAWEI_PWM\Obj\Drivers\CMSIS\system_stm32g0xx.o
#        E:\STProject\Elder_Ant_PID\EWARM\HUAWEI_PWM\Obj\Application\User\Core\tim.o
#        E:\STProject\Elder_Ant_PID\EWARM\HUAWEI_PWM\Obj\Application\User\Core\usart.o
#        --no_out_extension -o
#        E:\STProject\Elder_Ant_PID\EWARM\HUAWEI_PWM\Exe\HUAWEI_PWM.out
#        --redirect _Printf=_PrintfFullNoMb --redirect _Scanf=_ScanfFullNoMb
#        --map E:\STProject\Elder_Ant_PID\EWARM\HUAWEI_PWM\List\HUAWEI_PWM.map
#        --config E:\STProject\Elder_Ant_PID\EWARM/stm32g070xx_flash.icf
#        --semihosting --entry __iar_program_start --vfe --text_out locale
#        --cpu=Cortex-M0+ --fpu=None)
#
###############################################################################

*******************************************************************************
*** RUNTIME MODEL ATTRIBUTES
***

CppFlavor       = *
__CPP_Runtime   = 1
__SystemLibrary = DLib
__dlib_version  = 6


*******************************************************************************
*** HEAP SELECTION
***

The basic heap was selected because --advanced_heap
was not specified and the application did not appear to
be primarily optimized for speed.


*******************************************************************************
*** PLACEMENT SUMMARY
***

"A0":  place at address 0x800'0000 { ro section .intvec };
"P1":  place in [from 0x800'0000 to 0x801'ffff] { ro };
define block CSTACK with size = 1K, alignment = 8 { };
define block HEAP with size = 512, alignment = 8 { };
"P2":  place in [from 0x2000'0000 to 0x2000'8fff] {
          rw, block CSTACK, block HEAP };
initialize by copy { rw };

  Section            Kind         Address    Size  Object
  -------            ----         -------    ----  ------
"A0":                                        0xb8
  .intvec            ro code   0x800'0000    0xb8  startup_stm32g070xx.o [1]
                             - 0x800'00b8    0xb8

"P1":                                      0x439e
  .text              ro code   0x800'00b8   0xf16  xprintffull_nomb.o [6]
  .text              ro code   0x800'0fce     0xa  xsprout.o [6]
  .text              ro code   0x800'0fd8    0x12  strchr.o [8]
  .text              ro code   0x800'0fea     0x2  startup_stm32g070xx.o [1]
  .text              ro code   0x800'0fec    0x48  xfail_s.o [6]
  .text              ro code   0x800'1034     0xe  strlen.o [8]
  .text              ro code   0x800'1042     0x2  startup_stm32g070xx.o [1]
  .text              ro code   0x800'1044    0x16  memchr.o [8]
  .text              ro code   0x800'105a     0x2  startup_stm32g070xx.o [1]
  .text              ro code   0x800'105c    0x4e  ABImemcpy.o [8]
  .text              ro code   0x800'10aa    0x2a  frexp.o [7]
  .text              ro code   0x800'10d4    0x32  DblCmpLe.o [7]
  .text              ro code   0x800'1106    0x32  DblCmpGe.o [7]
  .text              ro code   0x800'1138    0x70  ldexp.o [7]
  .text              ro code   0x800'11a8    0x52  DblToI32.o [7]
  .text              ro code   0x800'11fa     0x2  startup_stm32g070xx.o [1]
  .text              ro code   0x800'11fc    0x34  IxxToDbl.o [7]
  .text              ro code   0x800'1230   0x1a8  DblAddSub.o [7]
  .text              ro code   0x800'13d8    0x5e  I32DivMod.o [8]
  .text              ro code   0x800'1436    0xc2  DblDiv.o [7]
  .text              ro code   0x800'14f8   0x184  DblMul.o [7]
  .text              ro code   0x800'167c    0x7c  I64DivMod.o [8]
  .text              ro code   0x800'16f8     0xa  abort.o [6]
  .text              ro code   0x800'1702     0x2  startup_stm32g070xx.o [1]
  .text              ro code   0x800'1704     0x2  IntDivZer.o [8]
  .text              ro code   0x800'1706     0x2  startup_stm32g070xx.o [1]
  .text              ro code   0x800'1708     0x2  I64DivZer.o [8]
  .text              ro code   0x800'170a     0x2  startup_stm32g070xx.o [1]
  .text              ro code   0x800'170c    0x14  exit.o [9]
  .text              ro code   0x800'1720   0x9e6  stm32g0xx_hal_tim.o [4]
  .text              ro code   0x800'2106     0x2  startup_stm32g070xx.o [1]
  .text              ro code   0x800'2108   0x284  tim.o [2]
  .text              ro code   0x800'238c     0x2  stm32g0xx_hal_tim.o [4]
  .text              ro code   0x800'238e     0x2  startup_stm32g070xx.o [1]
  .text              ro code   0x800'2390    0x84  stm32g0xx_hal_dma.o [4]
  .text              ro code   0x800'2414     0x2  stm32g0xx_hal_tim.o [4]
  .text              ro code   0x800'2416     0x2  stm32g0xx_hal_tim.o [4]
  .text              ro code   0x800'2418     0x2  stm32g0xx_hal_tim.o [4]
  .text              ro code   0x800'241a     0x2  stm32g0xx_hal_tim.o [4]
  .text              ro code   0x800'241c     0x2  stm32g0xx_hal_tim_ex.o [4]
  .text              ro code   0x800'241e     0x2  stm32g0xx_hal_tim_ex.o [4]
  .text              ro code   0x800'2420     0x2  stm32g0xx_hal_tim.o [4]
  .text              ro code   0x800'2422     0x2  stm32g0xx_hal_tim_ex.o [4]
  .text              ro code   0x800'2424    0x14  memset.o [8]
  .text              ro code   0x800'2438    0xb6  main.o [2]
  .text              ro code   0x800'24ee     0x2  startup_stm32g070xx.o [1]
  .text              ro code   0x800'24f0   0x130  stm32g0xx_hal_tim_ex.o [4]
  .text              ro code   0x800'2620    0x90  stm32g0xx_hal_cortex.o [4]
  .text              ro code   0x800'26b0   0x188  stm32g0xx_hal_gpio.o [4]
  .text              ro code   0x800'2838    0x4e  ABImemset.o [8]
  .text              ro code   0x800'2886     0x2  startup_stm32g070xx.o [1]
  .text              ro code   0x800'2888    0x28  stm32g0xx_hal.o [4]
  .text              ro code   0x800'28b0    0x9c  gpio.o [2]
  .text              ro code   0x800'294c    0xe8  usart.o [2]
  .text              ro code   0x800'2a34    0xdc  i2c.o [2]
  .text              ro code   0x800'2b10    0x4c  stm32g0xx_hal_pwr_ex.o [4]
  .text              ro code   0x800'2b5c   0x5f4  stm32g0xx_hal_rcc.o [4]
  .text              ro code   0x800'3150    0x4c  stm32g0xx_hal.o [4]
  .text              ro code   0x800'319c    0x30  stm32g0xx_hal_msp.o [2]
  .text              ro code   0x800'31cc   0x59c  stm32g0xx_hal_uart.o [4]
  .text              ro code   0x800'3768   0x118  stm32g0xx_hal_uart_ex.o [4]
  .text              ro code   0x800'3880   0x164  stm32g0xx_hal_rcc_ex.o [4]
  .text              ro code   0x800'39e4   0x514  stm32g0xx_hal_i2c.o [4]
  .text              ro code   0x800'3ef8    0x8c  stm32g0xx_hal_i2c_ex.o [4]
  .text              ro code   0x800'3f84     0xc  stm32g0xx_hal.o [4]
  .text              ro code   0x800'3f90    0xb0  FltMul.o [7]
  .text              ro code   0x800'4040    0xa4  FltDiv.o [7]
  .text              ro code   0x800'40e4    0x94  stm32g0xx_it.o [2]
  .text              ro code   0x800'4178    0x10  stm32g0xx_hal.o [4]
  .text              ro code   0x800'4188    0x2c  AS5600.o [5]
  .text              ro code   0x800'41b4    0x20  IxxToFlt.o [7]
  .text              ro code   0x800'41d4    0x32  FltToDbl.o [7]
  .text              ro code   0x800'4206     0x2  startup_stm32g070xx.o [1]
  .text              ro code   0x800'4208    0x40  sprintf.o [6]
  .rodata            const     0x800'4248    0x6a  xprintffull_nomb.o [6]
  .text              ro code   0x800'42b2     0x2  startup_stm32g070xx.o [1]
  .rodata            const     0x800'42b4    0x40  system_stm32g0xx.o [3]
  .text              ro code   0x800'42f4    0x3c  zero_init3.o [8]
  .text              ro code   0x800'4330    0x30  copy_init3.o [8]
  .text              ro code   0x800'4360    0x28  data_init.o [8]
  .iar.init_table    const     0x800'4388    0x24  - Linker created -
  .rodata            const     0x800'43ac    0x20  system_stm32g0xx.o [3]
  .text              ro code   0x800'43cc    0x1e  cmain.o [8]
  .text              ro code   0x800'43ea     0x4  low_level_init.o [6]
  .text              ro code   0x800'43ee     0x8  exit.o [6]
  .text              ro code   0x800'43f6     0x2  startup_stm32g070xx.o [1]
  .text              ro code   0x800'43f8     0xa  cexit.o [8]
  .text              ro code   0x800'4402     0x2  startup_stm32g070xx.o [1]
  .text              ro code   0x800'4404    0x1c  cstartup_M.o [8]
  .text              ro code   0x800'4420    0x10  startup_stm32g070xx.o [1]
  Initializer bytes  const     0x800'4430    0x10  <for P2-1>
  .text              ro code   0x800'4440     0x2  startup_stm32g070xx.o [1]
  .text              ro code   0x800'4442     0x2  startup_stm32g070xx.o [1]
  .text              ro code   0x800'4444     0x2  startup_stm32g070xx.o [1]
  .text              ro code   0x800'4446     0x2  startup_stm32g070xx.o [1]
  .text              ro code   0x800'4448     0x2  startup_stm32g070xx.o [1]
  .text              ro code   0x800'444a     0x2  startup_stm32g070xx.o [1]
  .text              ro code   0x800'444c     0x2  startup_stm32g070xx.o [1]
  .text              ro code   0x800'444e     0x2  startup_stm32g070xx.o [1]
  .text              ro code   0x800'4450     0x2  startup_stm32g070xx.o [1]
  .text              ro code   0x800'4452     0x2  startup_stm32g070xx.o [1]
  .text              ro code   0x800'4454     0x2  system_stm32g0xx.o [3]
  .rodata            const     0x800'4456     0x0  zero_init3.o [8]
  .rodata            const     0x800'4456     0x0  copy_init3.o [8]
                             - 0x800'4456  0x439e

"P2", part 1 of 3:                           0x10
  P2-1                        0x2000'0000    0x10  <Init block>
    .data            inited   0x2000'0000     0xc  stm32g0xx_hal.o [4]
    .data            inited   0x2000'000c     0x4  system_stm32g0xx.o [3]
                            - 0x2000'0010    0x10

"P2", part 2 of 3:                          0x1d4
  .bss               zero     0x2000'0010    0x94  usart.o [2]
  .bss               zero     0x2000'00a4    0x54  i2c.o [2]
  .bss               zero     0x2000'00f8    0x4c  tim.o [2]
  .bss               zero     0x2000'0144    0x4c  tim.o [2]
  .bss               zero     0x2000'0190    0x4c  tim.o [2]
  .bss               zero     0x2000'01dc     0x4  xfail_s.o [6]
  .bss               zero     0x2000'01e0     0x2  main.o [2]
  .bss               zero     0x2000'01e2     0x1  main.o [2]
                            - 0x2000'01e3   0x1d3

"P2", part 3 of 3:                          0x400
  CSTACK                      0x2000'01e8   0x400  <Block>
    CSTACK           uninit   0x2000'01e8   0x400  <Block tail>
                            - 0x2000'05e8   0x400

Unused ranges:

         From           To      Size
         ----           --      ----
   0x800'4456   0x801'ffff  0x1'bbaa
  0x2000'01e4  0x2000'01e7       0x4
  0x2000'05e8  0x2000'8fff    0x8a18


*******************************************************************************
*** INIT TABLE
***

          Address      Size
          -------      ----
Zero (__iar_zero_init3)
    1 destination range, total size 0x1d3:
          0x2000'0010  0x1d3

Copy (__iar_copy_init3)
    1 source range, total size 0x10:
           0x800'4430   0x10
    1 destination range, total size 0x10:
          0x2000'0000   0x10



*******************************************************************************
*** MODULE SUMMARY
***

    Module                   ro code  ro data  rw data
    ------                   -------  -------  -------
command line/config:
    --------------------------------------------------
    Total:

E:\STProject\Elder_Ant_PID\EWARM\HUAWEI_PWM\Obj\Application\EWARM: [1]
    startup_stm32g070xx.o        250
    --------------------------------------------------
    Total:                       250

E:\STProject\Elder_Ant_PID\EWARM\HUAWEI_PWM\Obj\Application\User\Core: [2]
    gpio.o                       156
    i2c.o                        220                84
    main.o                       182                 3
    stm32g0xx_hal_msp.o           48
    stm32g0xx_it.o               148
    tim.o                        644               228
    usart.o                      232               148
    --------------------------------------------------
    Total:                     1'630               463

E:\STProject\Elder_Ant_PID\EWARM\HUAWEI_PWM\Obj\Drivers\CMSIS: [3]
    system_stm32g0xx.o             2      100        4
    --------------------------------------------------
    Total:                         2      100        4

E:\STProject\Elder_Ant_PID\EWARM\HUAWEI_PWM\Obj\Drivers\STM32G0xx_HAL_Driver: [4]
    stm32g0xx_hal.o              144       12       12
    stm32g0xx_hal_cortex.o       144
    stm32g0xx_hal_dma.o          132
    stm32g0xx_hal_gpio.o         392
    stm32g0xx_hal_i2c.o        1'300
    stm32g0xx_hal_i2c_ex.o       140
    stm32g0xx_hal_pwr_ex.o        76
    stm32g0xx_hal_rcc.o        1'524
    stm32g0xx_hal_rcc_ex.o       356
    stm32g0xx_hal_tim.o        2'546
    stm32g0xx_hal_tim_ex.o       310
    stm32g0xx_hal_uart.o       1'436
    stm32g0xx_hal_uart_ex.o      280
    --------------------------------------------------
    Total:                     8'780       12       12

E:\STProject\Elder_Ant_PID\EWARM\HUAWEI_PWM\Obj\Drivers\bsp: [5]
    AS5600.o                      44
    --------------------------------------------------
    Total:                        44

dl6M_tln.a: [6]
    abort.o                       10
    exit.o                         8
    low_level_init.o               4
    sprintf.o                     64
    xfail_s.o                     72                 4
    xprintffull_nomb.o         3'862      106
    xsprout.o                     10
    --------------------------------------------------
    Total:                     4'030      106        4

m6M_tl.a: [7]
    DblAddSub.o                  424
    DblCmpGe.o                    50
    DblCmpLe.o                    50
    DblDiv.o                     194
    DblMul.o                     388
    DblToI32.o                    82
    FltDiv.o                     164
    FltMul.o                     176
    FltToDbl.o                    50
    IxxToDbl.o                    52
    IxxToFlt.o                    32
    frexp.o                       42
    ldexp.o                      112
    --------------------------------------------------
    Total:                     1'816

rt6M_tl.a: [8]
    ABImemcpy.o                   78
    ABImemset.o                   78
    I32DivMod.o                   94
    I64DivMod.o                  124
    I64DivZer.o                    2
    IntDivZer.o                    2
    cexit.o                       10
    cmain.o                       30
    copy_init3.o                  48
    cstartup_M.o                  28
    data_init.o                   40
    memchr.o                      22
    memset.o                      20
    strchr.o                      18
    strlen.o                      14
    zero_init3.o                  60
    --------------------------------------------------
    Total:                       668

shb_l.a: [9]
    exit.o                        20
    --------------------------------------------------
    Total:                        20

    Linker created                         36    1'024
------------------------------------------------------
    Grand Total:              17'240      254    1'507


*******************************************************************************
*** ENTRY LIST
***

Entry                       Address   Size  Type      Object
-----                       -------   ----  ----      ------
.iar.init_table$$Base    0x800'4388          --   Gb  - Linker created -
.iar.init_table$$Limit   0x800'43ac          --   Gb  - Linker created -
?main                    0x800'43cd         Code  Gb  cmain.o [8]
ADC1_IRQHandler          0x800'2887         Code  Wk  startup_stm32g070xx.o [1]
AHBPrescTable            0x800'42b4   0x40  Data  Gb  system_stm32g0xx.o [3]
APBPrescTable            0x800'43ac   0x20  Data  Gb  system_stm32g0xx.o [3]
AS5600_IIC_Read_Byte     0x800'4189   0x28  Code  Gb  AS5600.o [5]
CSTACK$$Base            0x2000'01e8          --   Gb  - Linker created -
CSTACK$$Limit           0x2000'05e8          --   Gb  - Linker created -
DMA1_Ch4_7_DMAMUX1_OVR_IRQHandler
                         0x800'24ef         Code  Wk  startup_stm32g070xx.o [1]
DMA1_Channel1_IRQHandler
                         0x800'2107         Code  Wk  startup_stm32g070xx.o [1]
DMA1_Channel2_3_IRQHandler
                         0x800'238f         Code  Wk  startup_stm32g070xx.o [1]
EXTI0_1_IRQHandler       0x800'1703         Code  Wk  startup_stm32g070xx.o [1]
EXTI2_3_IRQHandler       0x800'1707         Code  Wk  startup_stm32g070xx.o [1]
EXTI4_15_IRQHandler      0x800'170b         Code  Wk  startup_stm32g070xx.o [1]
Error_Handler            0x800'24eb    0x4  Code  Gb  main.o [2]
FLASH_IRQHandler         0x800'105b         Code  Wk  startup_stm32g070xx.o [1]
HAL_DMA_Abort_IT         0x800'2391   0x7a  Code  Gb  stm32g0xx_hal_dma.o [4]
HAL_GPIO_Init            0x800'26b1  0x162  Code  Gb  stm32g0xx_hal_gpio.o [4]
HAL_GPIO_WritePin        0x800'2813    0xc  Code  Gb  stm32g0xx_hal_gpio.o [4]
HAL_GetTick              0x800'3f85    0xc  Code  Wk  stm32g0xx_hal.o [4]
HAL_I2CEx_ConfigAnalogFilter
                         0x800'3ef9   0x3a  Code  Gb  stm32g0xx_hal_i2c_ex.o [4]
HAL_I2CEx_ConfigDigitalFilter
                         0x800'3f33   0x36  Code  Gb  stm32g0xx_hal_i2c_ex.o [4]
HAL_I2C_Init             0x800'39e5   0xb2  Code  Gb  stm32g0xx_hal_i2c.o [4]
HAL_I2C_Mem_Read         0x800'3aa9  0x1c4  Code  Gb  stm32g0xx_hal_i2c.o [4]
HAL_I2C_MspInit          0x800'2a83   0x7c  Code  Gb  i2c.o [2]
HAL_IncTick              0x800'4179   0x10  Code  Wk  stm32g0xx_hal.o [4]
HAL_Init                 0x800'2889   0x24  Code  Gb  stm32g0xx_hal.o [4]
HAL_InitTick             0x800'3151   0x4c  Code  Wk  stm32g0xx_hal.o [4]
HAL_MspInit              0x800'319d   0x30  Code  Gb  stm32g0xx_hal_msp.o [2]
HAL_NVIC_EnableIRQ       0x800'2665   0x12  Code  Gb  stm32g0xx_hal_cortex.o [4]
HAL_NVIC_SetPriority     0x800'265b    0x8  Code  Gb  stm32g0xx_hal_cortex.o [4]
HAL_PWREx_ControlVoltageScaling
                         0x800'2b11   0x3a  Code  Gb  stm32g0xx_hal_pwr_ex.o [4]
HAL_RCCEx_PeriphCLKConfig
                         0x800'3881  0x142  Code  Gb  stm32g0xx_hal_rcc_ex.o [4]
HAL_RCC_ClockConfig      0x800'2f25  0x14e  Code  Gb  stm32g0xx_hal_rcc.o [4]
HAL_RCC_GetPCLK1Freq     0x800'3107   0x1a  Code  Gb  stm32g0xx_hal_rcc.o [4]
HAL_RCC_GetSysClockFreq
                         0x800'3085   0x82  Code  Gb  stm32g0xx_hal_rcc.o [4]
HAL_RCC_OscConfig        0x800'2b5d  0x3b2  Code  Gb  stm32g0xx_hal_rcc.o [4]
HAL_SYSTICK_Config       0x800'2677   0x28  Code  Gb  stm32g0xx_hal_cortex.o [4]
HAL_TIMEx_Break2Callback
                         0x800'241f    0x2  Code  Wk  stm32g0xx_hal_tim_ex.o [4]
HAL_TIMEx_BreakCallback
                         0x800'241d    0x2  Code  Wk  stm32g0xx_hal_tim_ex.o [4]
HAL_TIMEx_CommutCallback
                         0x800'2423    0x2  Code  Wk  stm32g0xx_hal_tim_ex.o [4]
HAL_TIMEx_ConfigBreakDeadTime
                         0x800'2553   0x86  Code  Gb  stm32g0xx_hal_tim_ex.o [4]
HAL_TIMEx_MasterConfigSynchronization
                         0x800'24f1   0x62  Code  Gb  stm32g0xx_hal_tim_ex.o [4]
HAL_TIM_Base_Init        0x800'1721   0x1e  Code  Gb  stm32g0xx_hal_tim.o [4]
HAL_TIM_Base_MspInit     0x800'22ad   0x6a  Code  Gb  tim.o [2]
HAL_TIM_Base_Start_IT    0x800'173f   0x4e  Code  Gb  stm32g0xx_hal_tim.o [4]
HAL_TIM_ConfigClockSource
                         0x800'1c79   0xcc  Code  Gb  stm32g0xx_hal_tim.o [4]
HAL_TIM_IC_CaptureCallback
                         0x800'2415    0x2  Code  Wk  stm32g0xx_hal_tim.o [4]
HAL_TIM_IRQHandler       0x800'19ed  0x160  Code  Gb  stm32g0xx_hal_tim.o [4]
HAL_TIM_MspPostInit      0x800'2317   0x48  Code  Gb  tim.o [2]
HAL_TIM_OC_DelayElapsedCallback
                         0x800'2417    0x2  Code  Wk  stm32g0xx_hal_tim.o [4]
HAL_TIM_PWM_ConfigChannel
                         0x800'1b51  0x120  Code  Gb  stm32g0xx_hal_tim.o [4]
HAL_TIM_PWM_Init         0x800'17e1   0x1e  Code  Gb  stm32g0xx_hal_tim.o [4]
HAL_TIM_PWM_MspInit      0x800'238d    0x2  Code  Wk  stm32g0xx_hal_tim.o [4]
HAL_TIM_PWM_PulseFinishedCallback
                         0x800'2419    0x2  Code  Wk  stm32g0xx_hal_tim.o [4]
HAL_TIM_PWM_Start        0x800'17ff   0x38  Code  Gb  stm32g0xx_hal_tim.o [4]
HAL_TIM_PeriodElapsedCallback
                         0x800'241b    0x2  Code  Wk  stm32g0xx_hal_tim.o [4]
HAL_TIM_TriggerCallback
                         0x800'2421    0x2  Code  Wk  stm32g0xx_hal_tim.o [4]
HAL_UARTEx_DisableFifoMode
                         0x800'3769   0x3a  Code  Gb  stm32g0xx_hal_uart_ex.o [4]
HAL_UARTEx_SetRxFifoThreshold
                         0x800'37d5   0x30  Code  Gb  stm32g0xx_hal_uart_ex.o [4]
HAL_UARTEx_SetTxFifoThreshold
                         0x800'37a3   0x32  Code  Gb  stm32g0xx_hal_uart_ex.o [4]
HAL_UART_Init            0x800'31cd   0x66  Code  Gb  stm32g0xx_hal_uart.o [4]
HAL_UART_MspInit         0x800'29af   0x74  Code  Gb  usart.o [2]
HAL_UART_Transmit        0x800'3239   0xda  Code  Gb  stm32g0xx_hal_uart.o [4]
HardFault_Handler        0x800'40e7    0x2  Code  Gb  stm32g0xx_it.o [2]
I2C1_IRQHandler          0x800'4447         Code  Wk  startup_stm32g070xx.o [1]
I2C2_IRQHandler          0x800'4449         Code  Wk  startup_stm32g070xx.o [1]
I2C_Flush_TXDR           0x800'3c7d   0x1c  Code  Lc  stm32g0xx_hal_i2c.o [4]
I2C_IsErrorOccurred      0x800'3dc9  0x100  Code  Lc  stm32g0xx_hal_i2c.o [4]
I2C_TransferConfig       0x800'3ec9   0x26  Code  Lc  stm32g0xx_hal_i2c.o [4]
I2C_WaitOnFlagUntilTimeout
                         0x800'3c99   0x7c  Code  Lc  stm32g0xx_hal_i2c.o [4]
I2C_WaitOnSTOPFlagUntilTimeout
                         0x800'3d75   0x54  Code  Lc  stm32g0xx_hal_i2c.o [4]
I2C_WaitOnTXISFlagUntilTimeout
                         0x800'3d15   0x60  Code  Lc  stm32g0xx_hal_i2c.o [4]
MX_GPIO_Init             0x800'28b1   0x9c  Code  Gb  gpio.o [2]
MX_I2C1_Init             0x800'2a35   0x4e  Code  Gb  i2c.o [2]
MX_TIM1_Init             0x800'2109   0xf0  Code  Gb  tim.o [2]
MX_TIM3_Init             0x800'21f9   0x6c  Code  Gb  tim.o [2]
MX_TIM6_Init             0x800'2265   0x48  Code  Gb  tim.o [2]
MX_USART1_UART_Init      0x800'294d   0x62  Code  Gb  usart.o [2]
NMI_Handler              0x800'40e5    0x2  Code  Gb  stm32g0xx_it.o [2]
PID_Flag                0x2000'01e2    0x1  Data  Gb  main.o [2]
PendSV_Handler           0x800'40eb    0x2  Code  Gb  stm32g0xx_it.o [2]
RCC_IRQHandler           0x800'11fb         Code  Wk  startup_stm32g070xx.o [1]
RTC_TAMP_IRQHandler      0x800'1043         Code  Wk  startup_stm32g070xx.o [1]
Raw_Angle               0x2000'01e0    0x2  Data  Gb  main.o [2]
Region$$Table$$Base      0x800'4388          --   Gb  - Linker created -
Region$$Table$$Limit     0x800'43ac          --   Gb  - Linker created -
Reset_Handler            0x800'4421         Code  Wk  startup_stm32g070xx.o [1]
SPI1_IRQHandler          0x800'444b         Code  Wk  startup_stm32g070xx.o [1]
SPI2_IRQHandler          0x800'444d         Code  Wk  startup_stm32g070xx.o [1]
SVC_Handler              0x800'40e9    0x2  Code  Gb  stm32g0xx_it.o [2]
SysTick_Handler          0x800'40ed    0x8  Code  Gb  stm32g0xx_it.o [2]
SystemClock_Config       0x800'247d   0x6e  Code  Gb  main.o [2]
SystemCoreClock         0x2000'000c    0x4  Data  Gb  system_stm32g0xx.o [3]
SystemInit               0x800'4455    0x2  Code  Gb  system_stm32g0xx.o [3]
TIM14_IRQHandler         0x800'4403         Code  Wk  startup_stm32g070xx.o [1]
TIM15_IRQHandler         0x800'4441         Code  Wk  startup_stm32g070xx.o [1]
TIM16_IRQHandler         0x800'4443         Code  Wk  startup_stm32g070xx.o [1]
TIM17_IRQHandler         0x800'4445         Code  Wk  startup_stm32g070xx.o [1]
TIM1_BRK_UP_TRG_COM_IRQHandler
                         0x800'4207         Code  Wk  startup_stm32g070xx.o [1]
TIM1_CC_IRQHandler       0x800'42b3         Code  Wk  startup_stm32g070xx.o [1]
TIM3_IRQHandler          0x800'40f5   0x10  Code  Gb  stm32g0xx_it.o [2]
TIM6_IRQHandler          0x800'4105   0x48  Code  Gb  stm32g0xx_it.o [2]
TIM7_IRQHandler          0x800'43f7         Code  Wk  startup_stm32g070xx.o [1]
TIM_Base_SetConfig       0x800'1d49   0x7e  Code  Gb  stm32g0xx_hal_tim.o [4]
TIM_CCxChannelCmd        0x800'20ed   0x1a  Code  Gb  stm32g0xx_hal_tim.o [4]
TIM_ETR_SetConfig        0x800'2099   0x14  Code  Gb  stm32g0xx_hal_tim.o [4]
TIM_ITRx_SetConfig       0x800'2081   0x10  Code  Lc  stm32g0xx_hal_tim.o [4]
TIM_OC1_SetConfig        0x800'1dc7   0x74  Code  Lc  stm32g0xx_hal_tim.o [4]
TIM_OC2_SetConfig        0x800'1e3b   0x68  Code  Gb  stm32g0xx_hal_tim.o [4]
TIM_OC3_SetConfig        0x800'1ea3   0x64  Code  Lc  stm32g0xx_hal_tim.o [4]
TIM_OC4_SetConfig        0x800'1f11   0x52  Code  Lc  stm32g0xx_hal_tim.o [4]
TIM_OC5_SetConfig        0x800'1f75   0x4e  Code  Lc  stm32g0xx_hal_tim.o [4]
TIM_OC6_SetConfig        0x800'1fcd   0x52  Code  Lc  stm32g0xx_hal_tim.o [4]
TIM_TI1_ConfigInputStage
                         0x800'2035   0x22  Code  Lc  stm32g0xx_hal_tim.o [4]
TIM_TI2_ConfigInputStage
                         0x800'205d   0x24  Code  Lc  stm32g0xx_hal_tim.o [4]
UARTEx_SetNbDataToProcess
                         0x800'3825   0x4a  Code  Lc  stm32g0xx_hal_uart_ex.o [4]
UARTEx_SetNbDataToProcess::denominator
                         0x800'3878    0x8  Data  Lc  stm32g0xx_hal_uart_ex.o [4]
UARTEx_SetNbDataToProcess::numerator
                         0x800'3870    0x8  Data  Lc  stm32g0xx_hal_uart_ex.o [4]
UARTPrescTable           0x800'3478   0x18  Data  Gb  stm32g0xx_hal_uart.o [4]
UART_AdvFeatureConfig    0x800'3491   0xc8  Code  Gb  stm32g0xx_hal_uart.o [4]
UART_CheckIdleState      0x800'356d   0xae  Code  Gb  stm32g0xx_hal_uart.o [4]
UART_EndRxTransfer       0x800'3701   0x5e  Code  Lc  stm32g0xx_hal_uart.o [4]
UART_SetConfig           0x800'3315  0x162  Code  Gb  stm32g0xx_hal_uart.o [4]
UART_WaitOnFlagUntilTimeout
                         0x800'3645   0xa2  Code  Gb  stm32g0xx_hal_uart.o [4]
USART1_IRQHandler        0x800'444f         Code  Wk  startup_stm32g070xx.o [1]
USART2_IRQHandler        0x800'4451         Code  Wk  startup_stm32g070xx.o [1]
USART3_4_IRQHandler      0x800'4453         Code  Wk  startup_stm32g070xx.o [1]
WWDG_IRQHandler          0x800'0feb         Code  Wk  startup_stm32g070xx.o [1]
_LC                      0x800'00b9    0x8  Code  Lc  xprintffull_nomb.o [6]
_LitobFullNoMb           0x800'0e27  0x124  Code  Lc  xprintffull_nomb.o [6]
_PrintfFullNoMb          0x800'00c1  0xd66  Code  Gb  xprintffull_nomb.o [6]
_PutcharsFullNoMb        0x800'0f99   0x36  Code  Lc  xprintffull_nomb.o [6]
_SProut                  0x800'0fcf    0xa  Code  Gb  xsprout.o [6]
__ICFEDIT_region_RAM_end__ {Abs}
                        0x2000'8fff         Data  Gb  <internal module>
__ICFEDIT_region_RAM_start__ {Abs}
                        0x2000'0000         Data  Gb  <internal module>
__NVIC_SetPriority       0x800'2621   0x3a  Code  Lc  stm32g0xx_hal_cortex.o [4]
__aeabi_cdcmple          0x800'10d5         Code  Gb  DblCmpLe.o [7]
__aeabi_cdrcmple         0x800'1107         Code  Gb  DblCmpGe.o [7]
__aeabi_d2iz             0x800'11a9         Code  Gb  DblToI32.o [7]
__aeabi_d2uiz            0x800'11cd         Code  Gb  DblToI32.o [7]
__aeabi_ddiv             0x800'1437         Code  Gb  DblDiv.o [7]
__aeabi_dmul             0x800'14f9         Code  Gb  DblMul.o [7]
__aeabi_dsub             0x800'12eb         Code  Gb  DblAddSub.o [7]
__aeabi_f2d              0x800'41d5         Code  Gb  FltToDbl.o [7]
__aeabi_fdiv             0x800'4041         Code  Gb  FltDiv.o [7]
__aeabi_fmul             0x800'3f91         Code  Gb  FltMul.o [7]
__aeabi_i2d              0x800'121d         Code  Gb  IxxToDbl.o [7]
__aeabi_idiv0            0x800'1705         Code  Gb  IntDivZer.o [8]
__aeabi_ldiv0            0x800'1709         Code  Gb  I64DivZer.o [8]
__aeabi_memcpy           0x800'1091         Code  Gb  ABImemcpy.o [8]
__aeabi_memcpy4          0x800'105d         Code  Gb  ABImemcpy.o [8]
__aeabi_memcpy8          0x800'105d         Code  Gb  ABImemcpy.o [8]
__aeabi_memset           0x800'2839         Code  Gb  ABImemset.o [8]
__aeabi_ui2d             0x800'11fd         Code  Gb  IxxToDbl.o [7]
__aeabi_ui2f             0x800'41b5         Code  Gb  IxxToFlt.o [7]
__aeabi_uldivmod         0x800'167d         Code  Gb  I64DivMod.o [8]
__cmain                  0x800'43cd         Code  Gb  cmain.o [8]
__exit                   0x800'170d   0x14  Code  Gb  exit.o [9]
__iar_Fail_s             0x800'0fed   0x22  Code  Gb  xfail_s.o [6]
__iar_Memchr             0x800'1045         Code  Gb  memchr.o [8]
__iar_Memcpy             0x800'109d         Code  Gb  ABImemcpy.o [8]
__iar_Memset4_word       0x800'2859         Code  Gb  ABImemset.o [8]
__iar_Memset_word        0x800'2845         Code  Gb  ABImemset.o [8]
__iar_Strchr             0x800'0fd9         Code  Gb  strchr.o [8]
__iar_copy_init3         0x800'4331   0x30  Code  Gb  copy_init3.o [8]
__iar_d2uiz              0x800'11d1         Code  Gb  DblToI32.o [7]
__iar_data_init3         0x800'4361   0x28  Code  Gb  data_init.o [8]
__iar_frexp              0x800'10b7         Code  Gb  frexp.o [7]
__iar_frexp64            0x800'10ab         Code  Gb  frexp.o [7]
__iar_frexpl             0x800'10b7         Code  Gb  frexp.o [7]
__iar_ldexp64            0x800'1139         Code  Gb  ldexp.o [7]
__iar_program_start      0x800'4405         Code  Gb  cstartup_M.o [8]
__iar_scalbln64          0x800'1139         Code  Gb  ldexp.o [7]
__iar_scalbn64           0x800'1139         Code  Gb  ldexp.o [7]
__iar_small_idiv         0x800'13d9         Code  Gb  I32DivMod.o [8]
__iar_small_idivmod      0x800'13d9         Code  Gb  I32DivMod.o [8]
__iar_small_uidiv        0x800'1401         Code  Gb  I32DivMod.o [8]
__iar_small_uidivmod     0x800'1401         Code  Gb  I32DivMod.o [8]
__iar_zero_init3         0x800'42f5   0x3c  Code  Gb  zero_init3.o [8]
__low_level_init         0x800'43eb    0x4  Code  Gb  low_level_init.o [6]
__vector_table           0x800'0000         Data  Gb  startup_stm32g070xx.o [1]
_call_main               0x800'43d9         Code  Gb  cmain.o [8]
_exit                    0x800'43f9         Code  Gb  cexit.o [8]
abort                    0x800'16f9    0xa  Code  Gb  abort.o [6]
exit                     0x800'43ef    0x8  Code  Gb  exit.o [6]
frexp                    0x800'10ab         Code  Gb  frexp.o [7]
frexpl                   0x800'10ab         Code  Gb  frexp.o [7]
hi2c1                   0x2000'00a4   0x54  Data  Gb  i2c.o [2]
htim1                   0x2000'00f8   0x4c  Data  Gb  tim.o [2]
htim3                   0x2000'0144   0x4c  Data  Gb  tim.o [2]
htim6                   0x2000'0190   0x4c  Data  Gb  tim.o [2]
huart1                  0x2000'0010   0x94  Data  Gb  usart.o [2]
ldexp                    0x800'1139         Code  Gb  ldexp.o [7]
ldexpl                   0x800'1139         Code  Gb  ldexp.o [7]
main                     0x800'2439   0x38  Code  Gb  main.o [2]
memchr                   0x800'1045         Code  Gb  memchr.o [8]
memset                   0x800'2425   0x14  Code  Gb  memset.o [8]
scalbln                  0x800'1139         Code  Gb  ldexp.o [7]
scalblnl                 0x800'1139         Code  Gb  ldexp.o [7]
scalbn                   0x800'1139         Code  Gb  ldexp.o [7]
scalbnl                  0x800'1139         Code  Gb  ldexp.o [7]
scale                    0x800'0f4b   0x44  Code  Lc  xprintffull_nomb.o [6]
sec_hand                0x2000'01dc    0x4  Data  Lc  xfail_s.o [6]
sprintf                  0x800'4209   0x40  Code  Gb  sprintf.o [6]
strchr                   0x800'0fd9         Code  Gb  strchr.o [8]
strlen                   0x800'1035         Code  Gb  strlen.o [8]
uwTick                  0x2000'0004    0x4  Data  Gb  stm32g0xx_hal.o [4]
uwTickFreq              0x2000'0000    0x1  Data  Gb  stm32g0xx_hal.o [4]
uwTickPrio              0x2000'0008    0x4  Data  Gb  stm32g0xx_hal.o [4]


[1] = E:\STProject\Elder_Ant_PID\EWARM\HUAWEI_PWM\Obj\Application\EWARM
[2] = E:\STProject\Elder_Ant_PID\EWARM\HUAWEI_PWM\Obj\Application\User\Core
[3] = E:\STProject\Elder_Ant_PID\EWARM\HUAWEI_PWM\Obj\Drivers\CMSIS
[4] = E:\STProject\Elder_Ant_PID\EWARM\HUAWEI_PWM\Obj\Drivers\STM32G0xx_HAL_Driver
[5] = E:\STProject\Elder_Ant_PID\EWARM\HUAWEI_PWM\Obj\Drivers\bsp
[6] = dl6M_tln.a
[7] = m6M_tl.a
[8] = rt6M_tl.a
[9] = shb_l.a

  17'240 bytes of readonly  code memory
     254 bytes of readonly  data memory
   1'507 bytes of readwrite data memory

Errors: none
Warnings: none
